INFO     test_login_headless_false_config_data:test_login_headless_false_config_data.py:139 Testing with chromium...
INFO     test_login_headless_false_config_data:test_login_headless_false_config_data.py:56 Launching chromium browser, headless=False
INFO     test_login_headless_false_config_data:test_login_headless_false_config_data.py:68 chromium browser launched successfully
INFO     test_login_headless_false_config_data:test_login_headless_false_config_data.py:103 Starting login/logout test for user: Admin
INFO     test_login_headless_false_config_data:test_login_headless_false_config_data.py:73 Navigating to login page...
INFO     test_login_headless_false_config_data:test_login_headless_false_config_data.py:49 Capturing screenshot: before_login_Admin.png
INFO     test_login_headless_false_config_data:test_login_headless_false_config_data.py:93 Performing login for user: Admin
INFO     test_login_headless_false_config_data:test_login_headless_false_config_data.py:49 Capturing screenshot: after_login_Admin.png
INFO     test_login_headless_false_config_data:test_login_headless_false_config_data.py:116 Login successful for user: Admin
INFO     test_login_headless_false_config_data:test_login_headless_false_config_data.py:78 Performing logout...
INFO     test_login_headless_false_config_data:test_login_headless_false_config_data.py:49 Capturing screenshot: after_logout_Admin.png
INFO     test_login_headless_false_config_data:test_login_headless_false_config_data.py:103 Starting login/logout test for user: User1
INFO     test_login_headless_false_config_data:test_login_headless_false_config_data.py:73 Navigating to login page...
INFO     test_login_headless_false_config_data:test_login_headless_false_config_data.py:49 Capturing screenshot: before_login_User1.png
INFO     test_login_headless_false_config_data:test_login_headless_false_config_data.py:93 Performing login for user: User1
INFO     test_login_headless_false_config_data:test_login_headless_false_config_data.py:49 Capturing screenshot: after_login_User1.png
WARNING  test_login_headless_false_config_data:test_login_headless_false_config_data.py:122 Login failed for user User1. Staying on login page.
INFO     test_login_headless_false_config_data:test_login_headless_false_config_data.py:49 Capturing screenshot: login_failed_User1.png
INFO     test_login_headless_false_config_data:test_login_headless_false_config_data.py:88 Closing browser...
INFO     test_login_headless_false_config_data:test_login_headless_false_config_data.py:139 Testing with firefox...
INFO     test_login_headless_false_config_data:test_login_headless_false_config_data.py:56 Launching firefox browser, headless=False
INFO     test_login_headless_false_config_data:test_login_headless_false_config_data.py:68 firefox browser launched successfully
INFO     test_login_headless_false_config_data:test_login_headless_false_config_data.py:103 Starting login/logout test for user: Admin
INFO     test_login_headless_false_config_data:test_login_headless_false_config_data.py:73 Navigating to login page...
INFO     test_login_headless_false_config_data:test_login_headless_false_config_data.py:49 Capturing screenshot: before_login_Admin.png
INFO     test_login_headless_false_config_data:test_login_headless_false_config_data.py:93 Performing login for user: Admin
INFO     test_login_headless_false_config_data:test_login_headless_false_config_data.py:49 Capturing screenshot: after_login_Admin.png
INFO     test_login_headless_false_config_data:test_login_headless_false_config_data.py:116 Login successful for user: Admin
INFO     test_login_headless_false_config_data:test_login_headless_false_config_data.py:78 Performing logout...
INFO     test_login_headless_false_config_data:test_login_headless_false_config_data.py:49 Capturing screenshot: after_logout_Admin.png
INFO     test_login_headless_false_config_data:test_login_headless_false_config_data.py:103 Starting login/logout test for user: User1
INFO     test_login_headless_false_config_data:test_login_headless_false_config_data.py:73 Navigating to login page...
INFO     test_login_headless_false_config_data:test_login_headless_false_config_data.py:49 Capturing screenshot: before_login_User1.png
INFO     test_login_headless_false_config_data:test_login_headless_false_config_data.py:93 Performing login for user: User1
INFO     test_login_headless_false_config_data:test_login_headless_false_config_data.py:49 Capturing screenshot: after_login_User1.png
WARNING  test_login_headless_false_config_data:test_login_headless_false_config_data.py:122 Login failed for user User1. Staying on login page.
INFO     test_login_headless_false_config_data:test_login_headless_false_config_data.py:49 Capturing screenshot: login_failed_User1.png
INFO     test_login_headless_false_config_data:test_login_headless_false_config_data.py:88 Closing browser...
INFO     test_login_headless_false_config_data:test_login_headless_false_config_data.py:139 Testing with webkit...
INFO     test_login_headless_false_config_data:test_login_headless_false_config_data.py:56 Launching webkit browser, headless=False
INFO     test_login_headless_false_config_data:test_login_headless_false_config_data.py:68 webkit browser launched successfully
INFO     test_login_headless_false_config_data:test_login_headless_false_config_data.py:103 Starting login/logout test for user: Admin
INFO     test_login_headless_false_config_data:test_login_headless_false_config_data.py:73 Navigating to login page...
INFO     test_login_headless_false_config_data:test_login_headless_false_config_data.py:49 Capturing screenshot: before_login_Admin.png
INFO     test_login_headless_false_config_data:test_login_headless_false_config_data.py:93 Performing login for user: Admin
INFO     test_login_headless_false_config_data:test_login_headless_false_config_data.py:49 Capturing screenshot: after_login_Admin.png
INFO     test_login_headless_false_config_data:test_login_headless_false_config_data.py:116 Login successful for user: Admin
INFO     test_login_headless_false_config_data:test_login_headless_false_config_data.py:78 Performing logout...
INFO     test_login_headless_false_config_data:test_login_headless_false_config_data.py:49 Capturing screenshot: after_logout_Admin.png
INFO     test_login_headless_false_config_data:test_login_headless_false_config_data.py:103 Starting login/logout test for user: User1
INFO     test_login_headless_false_config_data:test_login_headless_false_config_data.py:73 Navigating to login page...
INFO     test_login_headless_false_config_data:test_login_headless_false_config_data.py:49 Capturing screenshot: before_login_User1.png
INFO     test_login_headless_false_config_data:test_login_headless_false_config_data.py:93 Performing login for user: User1
INFO     test_login_headless_false_config_data:test_login_headless_false_config_data.py:49 Capturing screenshot: after_login_User1.png
WARNING  test_login_headless_false_config_data:test_login_headless_false_config_data.py:122 Login failed for user User1. Staying on login page.
INFO     test_login_headless_false_config_data:test_login_headless_false_config_data.py:49 Capturing screenshot: login_failed_User1.png
INFO     test_login_headless_false_config_data:test_login_headless_false_config_data.py:88 Closing browser...
